[cineliberovirtual.com.br/index.html]
[backblue.gif]
[fade.gif]
[index.html]
[cineliberovirtual.com.br/imagens/favicon.png]
[cineliberovirtual.com.br/favicon.ico]
[cineliberovirtual.com.br/css/estilos.css]
[cineliberovirtual.com.br/js/whatsapp-config.js]
[cineliberovirtual.com.br/js/main-simple.js]
[cineliberovirtual.com.br/imagens/multiplos-dispositivos-teste-iptv.webp]
[cineliberovirtual.com.br/imagens/logo-teste-iptv.webp]
[cineliberovirtual.com.br/icones/4k.svg]
[cineliberovirtual.com.br/icones/teste-iptv-compativel-diversos-dispositivos.svg]
[cineliberovirtual.com.br/icones/suporte-teste-iptv-automatizado-24-horas.svg]
[cineliberovirtual.com.br/icones/configuracao-teste-iptv-facil.svg]
[cineliberovirtual.com.br/icones/diversos-canais-teste-iptv.svg]
[cineliberovirtual.com.br/icones/conexao-teste-iptv-estavel.svg]
[cineliberovirtual.com.br/icones/teste-iptv-whatsapp.svg]
[cineliberovirtual.com.br/icones/teste-iptv-automatico.svg]
[cineliberovirtual.com.br/icones/teste-iptv-4-horas.svg]
[cineliberovirtual.com.br/icones/chat.svg]
[cineliberovirtual.com.br/icones/30-dias.svg]
[cineliberovirtual.com.br/icones/90-dias.svg]
[cineliberovirtual.com.br/icones/180-dias.svg]
[cineliberovirtual.com.br/icones/IPTV SmartersPlayer.svg]
[cineliberovirtual.com.br/icones/TiviMate.svg]
[cineliberovirtual.com.br/icones/GSE Smart.svg]
[cineliberovirtual.com.br/icones/aplicativo-xci.svg]
[cineliberovirtual.com.br/icones/kodai.svg]
[cineliberovirtual.com.br/icones/vlc.svg]
[cineliberovirtual.com.br/icones/OTTPlayer.svg]
[cineliberovirtual.com.br/icones/Perfect Player.svg]
[cineliberovirtual.com.br/icones/ssiptv.svg]
[cineliberovirtual.com.br/icones/raio.svg]
[cineliberovirtual.com.br/icones/futebol.svg]
[cineliberovirtual.com.br/icones/news.svg]
[cineliberovirtual.com.br/icones/series.svg]
[cineliberovirtual.com.br/icones/relogio.svg]
[cineliberovirtual.com.br/icones/play.svg]
[cineliberovirtual.com.br/icones/avaliacoes-teste-iptv-usuarios.svg]
[cineliberovirtual.com.br/icones/24-horas.svg]
[cineliberovirtual.com.br/icones/foguete.svg]
[cineliberovirtual.com.br/icones/whatsapp.svg]
[cineliberovirtual.com.br/index.html]
[cineliberovirtual.com.br/css/estilos.css]
[cineliberovirtual.com.br/icones/4k.svg]
[cineliberovirtual.com.br/icones/teste-iptv-compativel-diversos-dispositivos.svg]
[cineliberovirtual.com.br/icones/suporte-teste-iptv-automatizado-24-horas.svg]
[cineliberovirtual.com.br/icones/configuracao-teste-iptv-facil.svg]
[cineliberovirtual.com.br/icones/diversos-canais-teste-iptv.svg]
[cineliberovirtual.com.br/icones/conexao-teste-iptv-estavel.svg]
[cineliberovirtual.com.br/icones/teste-iptv-whatsapp.svg]
[cineliberovirtual.com.br/icones/teste-iptv-automatico.svg]
[cineliberovirtual.com.br/icones/teste-iptv-4-horas.svg]
[cineliberovirtual.com.br/icones/chat.svg]
[cineliberovirtual.com.br/icones/30-dias.svg]
[cineliberovirtual.com.br/icones/90-dias.svg]
[cineliberovirtual.com.br/icones/180-dias.svg]
[cineliberovirtual.com.br/icones/IPTV SmartersPlayer.svg]
[cineliberovirtual.com.br/icones/TiviMate.svg]
[cineliberovirtual.com.br/icones/GSE Smart.svg]
[cineliberovirtual.com.br/icones/aplicativo-xci.svg]
[cineliberovirtual.com.br/icones/kodai.svg]
[cineliberovirtual.com.br/icones/vlc.svg]
[cineliberovirtual.com.br/icones/OTTPlayer.svg]
[cineliberovirtual.com.br/icones/Perfect Player.svg]
[cineliberovirtual.com.br/icones/ssiptv.svg]
[cineliberovirtual.com.br/icones/raio.svg]
[cineliberovirtual.com.br/icones/futebol.svg]
[cineliberovirtual.com.br/icones/news.svg]
[cineliberovirtual.com.br/icones/series.svg]
[cineliberovirtual.com.br/icones/relogio.svg]
[cineliberovirtual.com.br/icones/play.svg]
[cineliberovirtual.com.br/icones/avaliacoes-teste-iptv-usuarios.svg]
[cineliberovirtual.com.br/icones/24-horas.svg]
[cineliberovirtual.com.br/icones/foguete.svg]
[cineliberovirtual.com.br/icones/whatsapp.svg]
[static.cloudflareinsights.com/beacon.min.js]
